This is pdfTeX, Version 3.141592653-2.6-1.40.29 (MiKTeX 26.5) (preloaded format=pdflatex 2026.5.23)  27 SEP 2026 21:01
entering extended mode
 restricted \write18 enabled.
 file:line:error style messages enabled.
 %&-line parsing enabled.
**c:/Users/david/Documents/UNIR/MasterBigDataUNIR/GobiernoDelDato/actividades/actividad1_individual_28092026/informe.tex
(c:/Users/david/Documents/UNIR/MasterBigDataUNIR/GobiernoDelDato/actividades/actividad1_individual_28092026/informe.tex
LaTeX2e <2025-11-01>
L3 programming layer <2026-03-20>
(C:\Users\david\AppData\Local\Programs\MiKTeX\tex/latex/base\article.cls
Document Class: article 2025/01/22 v1.4n Standard LaTeX document class
(C:\Users\david\AppData\Local\Programs\MiKTeX\tex/latex/base\size11.clo
File: size11.clo 2025/01/22 v1.4n Standard LaTeX file (size option)
)
\c@part=\count275
\c@section=\count276
\c@subsection=\count277
\c@subsubsection=\count278
\c@paragraph=\count279
\c@subparagraph=\count280
\c@figure=\count281
\c@table=\count282
\abovecaptionskip=\skip49
\belowcaptionskip=\skip50
\bibindent=\dimen150
) (C:\Users\david\AppData\Local\Programs\MiKTeX\tex/latex/base\inputenc.sty
Package: inputenc 2024/02/08 v1.3d Input encoding file
\inpenc@prehook=\toks17
\inpenc@posthook=\toks18
) (C:\Users\david\AppData\Local\Programs\MiKTeX\tex/latex/base\fontenc.sty
Package: fontenc 2025/07/18 v2.1d Standard LaTeX package
) (C:\Users\david\AppData\Local\Programs\MiKTeX\tex/generic/babel\babel.sty
Package: babel 2026/04/15 v26.6 The multilingual framework for LuaLaTeX, pdfLaTeX and XeLaTeX
\babel@savecnt=\count283
LaTeX Encoding Info:    Redeclaring text command \ij (encoding OT1) on input line 2078.
LaTeX Encoding Info:    Redeclaring text command \IJ (encoding OT1) on input line 2080.
LaTeX Encoding Info:    Redeclaring text command \ij (encoding T1) on input line 2082.
LaTeX Encoding Info:    Redeclaring text command \IJ (encoding T1) on input line 2083.
LaTeX Encoding Info:    Ignoring declaration for text command \ij (encoding ?) on input line 2084.
LaTeX Encoding Info:    Ignoring declaration for text command \IJ (encoding ?) on input line 2086.
LaTeX Encoding Info:    Ignoring declaration for text command \SS (encoding ?) on input line 2111.
\U@D=\dimen151
\l@unhyphenated=\language79
 (C:\Users\david\AppData\Local\Programs\MiKTeX\tex/generic/babel\txtbabel.def)
\bbl@readstream=\read2
\bbl@dirlevel=\count284
Package babel Info: Configuration files are deprecated, as
(babel)             they can break document portability.
(babel)             Reported on input line 4206.

*************************************
* Local config file bblopts.cfg used
*
(C:\Users\david\AppData\Local\Programs\MiKTeX\tex/latex/arabi\bblopts.cfg
File: bblopts.cfg 2005/09/08 v0.1 add Arabic and Farsi to "declared" options of babel
) (C:\Users\david\AppData\Local\Programs\MiKTeX\tex/generic/babel/locale/es\babel-spanish.tex)
Package babel Info: Importing font and identification data for spanish
(babel)             from babel-es.ini. Reported on input line 4330.
 (C:\Program Files\MiKTeX\tex/latex/babel-spanish\spanish.ldf
Language: spanish.ldf 2021/05/27 v5.0q Spanish support from the babel system
\es@quottoks=\toks19
\es@quotdepth=\count285
Package babel Info: Making " an active character on input line 570.
Package babel Info: Making . an active character on input line 675.
Package babel Info: Making < an active character on input line 722.
Package babel Info: Making > an active character on input line 722.
))
LaTeX Encoding Info:    Redeclaring text command \guillemotleft (encoding OT1) on input line 5.
LaTeX Encoding Info:    Redeclaring text command \guillemotright (encoding OT1) on input line 5.
 (C:\Program Files\MiKTeX\tex/latex/geometry\geometry.sty
Package: geometry 2026/03/07 v6.0 Page Geometry
 (C:\Users\david\AppData\Local\Programs\MiKTeX\tex/latex/graphics\keyval.sty
Package: keyval 2022/05/29 v1.15 key=value parser (DPC)
\KV@toks@=\toks20
) (C:\Users\david\AppData\Local\Programs\MiKTeX\tex/generic/iftex\ifvtex.sty
Package: ifvtex 2019/10/25 v1.7 ifvtex legacy package. Use iftex instead.
 (C:\Users\david\AppData\Local\Programs\MiKTeX\tex/generic/iftex\iftex.sty
Package: iftex 2024/12/12 v1.0g TeX engine tests
))
\Gm@cnth=\count286
\Gm@cntv=\count287
\c@Gm@tempcnt=\count288
\Gm@bindingoffset=\dimen152
\Gm@wd@mp=\dimen153
\Gm@odd@mp=\dimen154
\Gm@even@mp=\dimen155
\Gm@layoutwidth=\dimen156
\Gm@layoutheight=\dimen157
\Gm@layouthoffset=\dimen158
\Gm@layoutvoffset=\dimen159
\Gm@dimlist=\toks21
 (C:\Program Files\MiKTeX\tex/latex/geometry\geometry.cfg)) (C:\Users\david\AppData\Local\Programs\MiKTeX\tex/latex/graphics\graphicx.sty
Package: graphicx 2024/12/31 v1.2e Enhanced LaTeX Graphics (DPC,SPQR)
 (C:\Users\david\AppData\Local\Programs\MiKTeX\tex/latex/graphics\graphics.sty
Package: graphics 2024/08/06 v1.4g Standard LaTeX Graphics (DPC,SPQR)
 (C:\Users\david\AppData\Local\Programs\MiKTeX\tex/latex/graphics\trig.sty
Package: trig 2023/12/02 v1.11 sin cos tan (DPC)
) (C:\Users\david\AppData\Local\Programs\MiKTeX\tex/latex/graphics-cfg\graphics.cfg
File: graphics.cfg 2016/06/04 v1.11 sample graphics configuration
)
Package graphics Info: Driver file: pdftex.def on input line 106.
 (C:\Users\david\AppData\Local\Programs\MiKTeX\tex/latex/graphics-def\pdftex.def
File: pdftex.def 2025/09/29 v1.2d Graphics/color driver for pdftex
))
\Gin@req@height=\dimen160
\Gin@req@width=\dimen161
) (C:\Users\david\AppData\Local\Programs\MiKTeX\tex/latex/hyperref\hyperref.sty
Package: hyperref 2026-04-24 v7.01q Hypertext links for LaTeX
 (C:\Program Files\MiKTeX\tex/latex/kvsetkeys\kvsetkeys.sty
Package: kvsetkeys 2022-10-05 v1.19 Key value parser (HO)
) (C:\Program Files\MiKTeX\tex/generic/kvdefinekeys\kvdefinekeys.sty
Package: kvdefinekeys 2019-12-19 v1.6 Define keys (HO)
) (C:\Program Files\MiKTeX\tex/generic/pdfescape\pdfescape.sty
Package: pdfescape 2019/12/09 v1.15 Implements pdfTeX's escape features (HO)
 (C:\Program Files\MiKTeX\tex/generic/ltxcmds\ltxcmds.sty
Package: ltxcmds 2023-12-04 v1.26 LaTeX kernel commands for general use (HO)
) (C:\Users\david\AppData\Local\Programs\MiKTeX\tex/generic/pdftexcmds\pdftexcmds.sty
Package: pdftexcmds 2020-06-27 v0.33 Utility functions of pdfTeX for LuaTeX (HO)
 (C:\Program Files\MiKTeX\tex/generic/infwarerr\infwarerr.sty
Package: infwarerr 2019/12/03 v1.5 Providing info/warning/error messages (HO)
)
Package pdftexcmds Info: \pdf@primitive is available.
Package pdftexcmds Info: \pdf@ifprimitive is available.
Package pdftexcmds Info: \pdfdraftmode found.
)) (C:\Program Files\MiKTeX\tex/latex/hycolor\hycolor.sty
Package: hycolor 2020-01-27 v1.10 Color options for hyperref/bookmark (HO)
) (C:\Users\david\AppData\Local\Programs\MiKTeX\tex/latex/hyperref\nameref.sty
Package: nameref 2026-01-29 v2.58 Cross-referencing by name of section
 (C:\Program Files\MiKTeX\tex/latex/refcount\refcount.sty
Package: refcount 2019/12/15 v3.6 Data extraction from label references (HO)
) (C:\Program Files\MiKTeX\tex/generic/gettitlestring\gettitlestring.sty
Package: gettitlestring 2019/12/15 v1.6 Cleanup title references (HO)
 (C:\Program Files\MiKTeX\tex/latex/kvoptions\kvoptions.sty
Package: kvoptions 2022-06-15 v3.15 Key value format for package options (HO)
))
\c@section@level=\count289
) (C:\Users\david\AppData\Local\Programs\MiKTeX\tex/latex/etoolbox\etoolbox.sty
Package: etoolbox 2025/10/02 v2.5m e-TeX tools for LaTeX (JAW)
\etb@tempcnta=\count290
) (C:\Program Files\MiKTeX\tex/generic/stringenc\stringenc.sty
Package: stringenc 2019/11/29 v1.12 Convert strings between diff. encodings (HO)
)
\@linkdim=\dimen162
\Hy@linkcounter=\count291
\Hy@pagecounter=\count292
 (C:\Users\david\AppData\Local\Programs\MiKTeX\tex/latex/hyperref\pd1enc.def
File: pd1enc.def 2026-04-24 v7.01q Hyperref: PDFDocEncoding definition (HO)
Now handling font encoding PD1 ...
... no UTF-8 mapping file for font encoding PD1
) (C:\Program Files\MiKTeX\tex/generic/intcalc\intcalc.sty
Package: intcalc 2019/12/15 v1.3 Expandable calculations with integers (HO)
)
\Hy@SavedSpaceFactor=\count293
 (C:\Users\david\AppData\Local\Programs\MiKTeX\tex/latex/hyperref\puenc.def
File: puenc.def 2026-04-24 v7.01q Hyperref: PDF Unicode definition (HO)
Now handling font encoding PU ...
... no UTF-8 mapping file for font encoding PU
)
Package hyperref Info: Hyper figures OFF on input line 4199.
Package hyperref Info: Link nesting OFF on input line 4204.
Package hyperref Info: Hyper index ON on input line 4207.
Package hyperref Info: Plain pages OFF on input line 4214.
Package hyperref Info: Backreferencing OFF on input line 4219.
Package hyperref Info: Implicit mode ON; LaTeX internals redefined.
Package hyperref Info: Bookmarks ON on input line 4466.
\c@Hy@tempcnt=\count294
 (C:\Users\david\AppData\Local\Programs\MiKTeX\tex/latex/url\url.sty
\Urlmuskip=\muskip17
Package: url 2013/09/16  ver 3.4  Verb mode for urls, etc.
)
LaTeX Info: Redefining \url on input line 4805.
\XeTeXLinkMargin=\dimen163
 (C:\Program Files\MiKTeX\tex/generic/bitset\bitset.sty
Package: bitset 2019/12/09 v1.3 Handle bit-vector datatype (HO)
 (C:\Program Files\MiKTeX\tex/generic/bigintcalc\bigintcalc.sty
Package: bigintcalc 2019/12/15 v1.5 Expandable calculations on big integers (HO)
))
\Fld@menulength=\count295
\Field@Width=\dimen164
\Fld@charsize=\dimen165
Package hyperref Info: Hyper figures OFF on input line 6091.
Package hyperref Info: Link nesting OFF on input line 6096.
Package hyperref Info: Hyper index ON on input line 6099.
Package hyperref Info: backreferencing OFF on input line 6106.
Package hyperref Info: Link coloring OFF on input line 6111.
Package hyperref Info: Link coloring with OCG OFF on input line 6116.
Package hyperref Info: PDF/A mode OFF on input line 6121.
\Hy@abspage=\count296
\c@Item=\count297
\c@Hfootnote=\count298
)
Package hyperref Info: Driver (autodetected): hpdftex.
 (C:\Users\david\AppData\Local\Programs\MiKTeX\tex/latex/hyperref\hpdftex.def
File: hpdftex.def 2026-04-24 v7.01q Hyperref driver for pdfTeX
\Fld@listcount=\count299
\c@bookmark@seq@number=\count300
 (C:\Program Files\MiKTeX\tex/latex/rerunfilecheck\rerunfilecheck.sty
Package: rerunfilecheck 2025-06-21 v1.11 Rerun checks for auxiliary files (HO)
 (C:\Program Files\MiKTeX\tex/generic/uniquecounter\uniquecounter.sty
Package: uniquecounter 2019/12/15 v1.4 Provide unlimited unique counter (HO)
)
Package uniquecounter Info: New unique counter `rerunfilecheck' on input line 284.
)
\Hy@SectionHShift=\skip51
) (C:\Program Files\MiKTeX\tex/latex/booktabs\booktabs.sty
Package: booktabs 2020/01/12 v1.61803398 Publication quality tables
\heavyrulewidth=\dimen166
\lightrulewidth=\dimen167
\cmidrulewidth=\dimen168
\belowrulesep=\dimen169
\belowbottomsep=\dimen170
\aboverulesep=\dimen171
\abovetopsep=\dimen172
\cmidrulesep=\dimen173
\cmidrulekern=\dimen174
\defaultaddspace=\dimen175
\@cmidla=\count301
\@cmidlb=\count302
\@aboverulesep=\dimen176
\@belowrulesep=\dimen177
\@thisruleclass=\count303
\@lastruleclass=\count304
\@thisrulewidth=\dimen178
) (C:\Program Files\MiKTeX\tex/latex/enumitem\enumitem.sty
Package: enumitem 2025/02/06 v3.11 Customized lists
\labelindent=\skip52
\enit@outerparindent=\dimen179
\enit@toks=\toks22
\enit@inbox=\box53
\enit@count@id=\count305
\enitdp@description=\count306
) (C:\Program Files\MiKTeX\tex/latex/fancyhdr\fancyhdr.sty
Package: fancyhdr 2025/02/07 v5.2 Extensive control of page headers and footers
\f@nch@headwidth=\skip53
\f@nch@offset@elh=\skip54
\f@nch@offset@erh=\skip55
\f@nch@offset@olh=\skip56
\f@nch@offset@orh=\skip57
\f@nch@offset@elf=\skip58
\f@nch@offset@erf=\skip59
\f@nch@offset@olf=\skip60
\f@nch@offset@orf=\skip61
\f@nch@height=\skip62
\f@nch@footalignment=\skip63
\f@nch@widthL=\skip64
\f@nch@widthC=\skip65
\f@nch@widthR=\skip66
\@temptokenb=\toks23
) (C:\Users\david\AppData\Local\Programs\MiKTeX\tex/latex/xcolor\xcolor.sty
Package: xcolor 2024/09/29 v3.02 LaTeX color extensions (UK)
 (C:\Users\david\AppData\Local\Programs\MiKTeX\tex/latex/graphics-cfg\color.cfg
File: color.cfg 2016/01/02 v1.6 sample color configuration
)
Package xcolor Info: Driver file: pdftex.def on input line 274.
 (C:\Users\david\AppData\Local\Programs\MiKTeX\tex/latex/graphics\mathcolor.ltx)
Package xcolor Info: Model `cmy' substituted by `cmy0' on input line 1349.
Package xcolor Info: Model `hsb' substituted by `rgb' on input line 1353.
Package xcolor Info: Model `RGB' extended on input line 1365.
Package xcolor Info: Model `HTML' substituted by `rgb' on input line 1367.
Package xcolor Info: Model `Hsb' substituted by `hsb' on input line 1368.
Package xcolor Info: Model `tHsb' substituted by `hsb' on input line 1369.
Package xcolor Info: Model `HSB' substituted by `hsb' on input line 1370.
Package xcolor Info: Model `Gray' substituted by `gray' on input line 1371.
Package xcolor Info: Model `wave' substituted by `hsb' on input line 1372.
) (C:\Program Files\MiKTeX\tex/latex/caption\caption.sty
Package: caption 2023/08/05 v3.6o Customizing captions (AR)
 (C:\Program Files\MiKTeX\tex/latex/caption\caption3.sty
Package: caption3 2023/07/31 v2.4d caption3 kernel (AR)
\caption@tempdima=\dimen180
\captionmargin=\dimen181
\caption@leftmargin=\dimen182
\caption@rightmargin=\dimen183
\caption@width=\dimen184
\caption@indent=\dimen185
\caption@parindent=\dimen186
\caption@hangindent=\dimen187
Package caption Info: Standard document class detected.
)
\c@caption@flags=\count307
\c@continuedfloat=\count308
Package caption Info: hyperref package is loaded.
)
Package hyperref Info: Option `colorlinks' set `true' on input line 14.
 (C:\Users\david\AppData\Local\Programs\MiKTeX\tex/latex/l3backend\l3backend-pdftex.def
File: l3backend-pdftex.def 2026-02-18 L3 backend support: PDF output (pdfTeX)
\l__color_backend_stack_int=\count309
) (c:\Users\david\Documents\UNIR\MasterBigDataUNIR\GobiernoDelDato\actividades\actividad1_individual_28092026\build\informe.aux
LaTeX Info: Redefining \. on input line 11.
LaTeX Info: Redefining \% on input line 11.
Package babel Info: 'spanish' activates 'spanish' shorthands.
(babel)             Reported on input line 11.


LaTeX Warning: Label `fig:datasets-personalizados' multiply defined.


LaTeX Warning: Label `fig:datasets-personalizados' multiply defined.


LaTeX Warning: Label `fig:datasets-personalizados' multiply defined.

)
\openout1 = `informe.aux'.

LaTeX Font Info:    Checking defaults for OML/cmm/m/it on input line 30.
LaTeX Font Info:    ... okay on input line 30.
LaTeX Font Info:    Checking defaults for OMS/cmsy/m/n on input line 30.
LaTeX Font Info:    ... okay on input line 30.
LaTeX Font Info:    Checking defaults for OT1/cmr/m/n on input line 30.
LaTeX Font Info:    ... okay on input line 30.
LaTeX Font Info:    Checking defaults for T1/cmr/m/n on input line 30.
LaTeX Font Info:    ... okay on input line 30.
LaTeX Font Info:    Checking defaults for TS1/cmr/m/n on input line 30.
LaTeX Font Info:    ... okay on input line 30.
LaTeX Font Info:    Checking defaults for OMX/cmex/m/n on input line 30.
LaTeX Font Info:    ... okay on input line 30.
LaTeX Font Info:    Checking defaults for U/cmr/m/n on input line 30.
LaTeX Font Info:    ... okay on input line 30.
LaTeX Font Info:    Checking defaults for PD1/pdf/m/n on input line 30.
LaTeX Font Info:    ... okay on input line 30.
LaTeX Font Info:    Checking defaults for PU/pdf/m/n on input line 30.
LaTeX Font Info:    ... okay on input line 30.
LaTeX Info: Redefining \. on input line 30.
LaTeX Info: Redefining \% on input line 30.

*geometry* driver: auto-detecting
*geometry* detected driver: pdftex
*geometry* verbose mode - [ preamble ] result:
* driver: pdftex
* paper: <default>
* layout: <same size as paper>
* layoutoffset:(h,v)=(0.0pt,0.0pt)
* modes: 
* h-part:(L,W,R)=(71.13188pt, 472.03123pt, 71.13188pt)
* v-part:(T,H,B)=(71.13188pt, 652.70622pt, 71.13188pt)
* \paperwidth=614.295pt
* \paperheight=794.96999pt
* \textwidth=472.03123pt
* \textheight=652.70622pt
* \oddsidemargin=-1.1381pt
* \evensidemargin=-1.1381pt
* \topmargin=-38.1381pt
* \headheight=12.0pt
* \headsep=25.0pt
* \topskip=11.0pt
* \footskip=30.0pt
* \marginparwidth=59.0pt
* \marginparsep=10.0pt
* \columnsep=10.0pt
* \skip\footins=10.0pt plus 4.0pt minus 2.0pt
* \hoffset=0.0pt
* \voffset=0.0pt
* \mag=1000
* \@twocolumnfalse
* \@twosidefalse
* \@mparswitchfalse
* \@reversemarginfalse
* (1in=72.27pt=25.4mm, 1cm=28.453pt)

(C:\Users\david\AppData\Local\Programs\MiKTeX\tex/context/base/mkii\supp-pdf.mkii
[Loading MPS to PDF converter (version 2006.09.02).]
\scratchcounter=\count310
\scratchdimen=\dimen188
\scratchbox=\box54
\nofMPsegments=\count311
\nofMParguments=\count312
\everyMPshowfont=\toks24
\MPscratchCnt=\count313
\MPscratchDim=\dimen189
\MPnumerator=\count314
\makeMPintoPDFobject=\count315
\everyMPtoPDFconversion=\toks25
) (C:\Users\david\AppData\Local\Programs\MiKTeX\tex/latex/epstopdf-pkg\epstopdf-base.sty
Package: epstopdf-base 2020-01-24 v2.11 Base part for package epstopdf
Package epstopdf-base Info: Redefining graphics rule for `.eps' on input line 485.
 (C:\Users\david\AppData\Local\Programs\MiKTeX\tex/latex/00miktex\epstopdf-sys.cfg
File: epstopdf-sys.cfg 2021/03/18 v2.0 Configuration of epstopdf for MiKTeX
))
Package hyperref Info: Link coloring ON on input line 30.
 (c:\Users\david\Documents\UNIR\MasterBigDataUNIR\GobiernoDelDato\actividades\actividad1_individual_28092026\build\informe.out) (c:\Users\david\Documents\UNIR\MasterBigDataUNIR\GobiernoDelDato\actividades\actividad1_individual_28092026\build\informe.out)
\@outlinefile=\write3
\openout3 = `informe.out'.

Package caption Info: Begin \AtBeginDocument code.
Package caption Info: End \AtBeginDocument code.
 [1

{C:/Users/david/AppData/Local/MiKTeX/fonts/map/pdftex/pdftex.map}] (c:\Users\david\Documents\UNIR\MasterBigDataUNIR\GobiernoDelDato\actividades\actividad1_individual_28092026\build\informe.toc
LaTeX Info: Redefining \. on input line 1.
LaTeX Info: Redefining \% on input line 1.
LaTeX Font Info:    External font `cmex10' loaded for size
(Font)              <10.95> on input line 4.
LaTeX Font Info:    External font `cmex10' loaded for size
(Font)              <8> on input line 4.
LaTeX Font Info:    External font `cmex10' loaded for size
(Font)              <6> on input line 4.
)
\tf@toc=\write4
\openout4 = `informe.toc'.



Package fancyhdr Warning: \headheight is too small (12.0pt): 
(fancyhdr)                Make it at least 13.59999pt, for example:
(fancyhdr)                \setlength{\headheight}{13.59999pt}.
(fancyhdr)                You might also make \topmargin smaller:
(fancyhdr)                \addtolength{\topmargin}{-1.59999pt}.


pdfTeX warning (ext4): destination with the same identifier (name{page.1}) has been already used, duplicate ignored
<to be read again> 
                   \relax 
l.47 \newpage
              [1]
<superficie_es_hist_box.png, id=174, 1000.2168pt x 277.5168pt>
File: superficie_es_hist_box.png Graphic file (type png)
<use superficie_es_hist_box.png>
Package pdftex.def Info: superficie_es_hist_box.png  used on input line 105.
(pdftex.def)             Requested size: 448.42822pt x 124.41983pt.

Overfull \hbox (18.33113pt too wide) in paragraph at lines 111--119
[]\T1/cmr/m/n/10.95 El \T1/cmr/m/it/10.95 heat-map \T1/cmr/m/n/10.95 de co-rre-la-cio-nes en-tre \T1/cmtt/m/n/10.95 Superficie_ES\T1/cmr/m/n/10.95 , \T1/cmtt/m/n/10.95 Superficie_RA\T1/cmr/m/n/10.95 , \T1/cmtt/m/n/10.95 mesas_es\T1/cmr/m/n/10.95 , \T1/cmtt/m/n/10.95 mesas_ra \T1/cmr/m/n/10.95 y \T1/cmtt/m/n/10.95 sillas_es
 []

<heatmap.png, id=176, 465.4188pt x 440.1243pt>
File: heatmap.png Graphic file (type png)
<use heatmap.png>
Package pdftex.def Info: heatmap.png  used on input line 122.
(pdftex.def)             Requested size: 424.82523pt x 401.7427pt.

Package fancyhdr Warning: \headheight is too small (12.0pt): 
(fancyhdr)                Make it at least 13.59999pt, for example:
(fancyhdr)                \setlength{\headheight}{13.59999pt}.
(fancyhdr)                You might also make \topmargin smaller:
(fancyhdr)                \addtolength{\topmargin}{-1.59999pt}.

[2]

Package fancyhdr Warning: \headheight is too small (12.0pt): 
(fancyhdr)                Make it at least 13.59999pt, for example:
(fancyhdr)                \setlength{\headheight}{13.59999pt}.
(fancyhdr)                You might also make \topmargin smaller:
(fancyhdr)                \addtolength{\topmargin}{-1.59999pt}.

[3 <./superficie_es_hist_box.png> <./heatmap.png>]
Overfull \hbox (44.96635pt too wide) in paragraph at lines 132--136
[]\T1/cmr/bx/n/10.95 Codificaciones dis-tin-tas\T1/cmr/m/n/10.95 : \T1/cmtt/m/n/10.95 Licencias_Locales_202104 \T1/cmr/m/n/10.95 es-tá en UTF-8, mien-tras que \T1/cmtt/m/n/10.95 Terrazas_202104
 []

LaTeX Font Info:    Font shape `T1/cmtt/bx/n' in size <10.95> not available
(Font)              Font shape `T1/cmtt/m/n' tried instead on input line 143.

Overfull \hbox (22.83969pt too wide) in paragraph at lines 147--150
[]\T1/cmr/bx/n/10.95 Duplicados y fe-chas cen-ti-ne-la en Li-cen-cias\T1/cmr/m/n/10.95 : 265 fi-las du-pli-ca-das por (\T1/cmtt/m/n/10.95 id_local\T1/cmr/m/n/10.95 , \T1/cmtt/m/n/10.95 ref_licencia\T1/cmr/m/n/10.95 )
 []

<dremio.png, id=193, 1302.90538pt x 697.47368pt>
File: dremio.png Graphic file (type png)
<use dremio.png>
Package pdftex.def Info: dremio.png  used on input line 183.
(pdftex.def)             Requested size: 424.82523pt x 227.42123pt.

Package fancyhdr Warning: \headheight is too small (12.0pt): 
(fancyhdr)                Make it at least 13.59999pt, for example:
(fancyhdr)                \setlength{\headheight}{13.59999pt}.
(fancyhdr)                You might also make \topmargin smaller:
(fancyhdr)                \addtolength{\topmargin}{-1.59999pt}.

[4]
<dremio_data.png, id=202, 218.85538pt x 195.67444pt>
File: dremio_data.png Graphic file (type png)
<use dremio_data.png>
Package pdftex.def Info: dremio_data.png  used on input line 195.
(pdftex.def)             Requested size: 188.8096pt x 168.81714pt.
<wiki_terrazas.png, id=203, 712.47311pt x 362.0318pt>
File: wiki_terrazas.png Graphic file (type png)
<use wiki_terrazas.png>
Package pdftex.def Info: wiki_terrazas.png  used on input line 203.
(pdftex.def)             Requested size: 424.82523pt x 215.86734pt.
<wiki_licencias.png, id=204, 875.42151pt x 295.21613pt>
File: wiki_licencias.png Graphic file (type png)
<use wiki_licencias.png>
Package pdftex.def Info: wiki_licencias.png  used on input line 209.
(pdftex.def)             Requested size: 424.82523pt x 143.26073pt.
<wiki_locales.png, id=205, 507.25359pt x 282.26207pt>
File: wiki_locales.png Graphic file (type png)
<use wiki_locales.png>
Package pdftex.def Info: wiki_locales.png  used on input line 215.
(pdftex.def)             Requested size: 424.82523pt x 236.39217pt.
<wiki_books.png, id=206, 591.79585pt x 342.25981pt>
File: wiki_books.png Graphic file (type png)
<use wiki_books.png>
Package pdftex.def Info: wiki_books.png  used on input line 221.
(pdftex.def)             Requested size: 424.82523pt x 245.69572pt.


Package fancyhdr Warning: \headheight is too small (12.0pt): 
(fancyhdr)                Make it at least 13.59999pt, for example:
(fancyhdr)                \setlength{\headheight}{13.59999pt}.
(fancyhdr)                You might also make \topmargin smaller:
(fancyhdr)                \addtolength{\topmargin}{-1.59999pt}.

[5 <./dremio.png> <./dremio_data.png>]

Package fancyhdr Warning: \headheight is too small (12.0pt): 
(fancyhdr)                Make it at least 13.59999pt, for example:
(fancyhdr)                \setlength{\headheight}{13.59999pt}.
(fancyhdr)                You might also make \topmargin smaller:
(fancyhdr)                \addtolength{\topmargin}{-1.59999pt}.

[6 <./wiki_terrazas.png> <./wiki_licencias.png>]

Package fancyhdr Warning: \headheight is too small (12.0pt): 
(fancyhdr)                Make it at least 13.59999pt, for example:
(fancyhdr)                \setlength{\headheight}{13.59999pt}.
(fancyhdr)                You might also make \topmargin smaller:
(fancyhdr)                \addtolength{\topmargin}{-1.59999pt}.

[7 <./wiki_locales.png> <./wiki_books.png>]
<espacios_trabajo.png, id=232, 212.03746pt x 315.6699pt>
File: espacios_trabajo.png Graphic file (type png)
<use espacios_trabajo.png>
Package pdftex.def Info: espacios_trabajo.png  used on input line 233.
(pdftex.def)             Requested size: 141.61081pt x 210.8234pt.
<wiki_espacio_sin_editar.png, id=234, 1926.19624pt x 622.325pt>
File: wiki_espacio_sin_editar.png Graphic file (type png)
<use wiki_espacio_sin_editar.png>
Package pdftex.def Info: wiki_espacio_sin_editar.png  used on input line 250.
(pdftex.def)             Requested size: 424.82523pt x 137.25377pt.

Overfull \hbox (2.30774pt too wide) in paragraph at lines 261--264
[]\T1/cmr/bx/n/10.95 Analista 1\T1/cmr/m/n/10.95 : con-tie-ne los \T1/cmr/m/it/10.95 da-ta-sets \T1/cmr/m/n/10.95 per-so-na-li-za-dos de-ri-va-dos de \T1/cmtt/m/n/10.95 Terrazas_202104 \T1/cmr/m/n/10.95 (\T1/cmtt/m/n/10.95 Terraza_001\T1/cmr/m/n/10.95 )
 []


Package fancyhdr Warning: \headheight is too small (12.0pt): 
(fancyhdr)                Make it at least 13.59999pt, for example:
(fancyhdr)                \setlength{\headheight}{13.59999pt}.
(fancyhdr)                You might also make \topmargin smaller:
(fancyhdr)                \addtolength{\topmargin}{-1.59999pt}.

[8 <./espacios_trabajo.png> <./wiki_espacio_sin_editar.png (PNG copy)>]
<terrazas_01.png, id=244, 1249.04378pt x 588.38689pt>
File: terrazas_01.png Graphic file (type png)
<use terrazas_01.png>
Package pdftex.def Info: terrazas_01.png  used on input line 292.
(pdftex.def)             Requested size: 424.82523pt x 200.12071pt.
<licencias_02.png, id=245, 1242.22585pt x 574.75104pt>
File: licencias_02.png Graphic file (type png)
<use licencias_02.png>
Package pdftex.def Info: licencias_02.png  used on input line 306.
(pdftex.def)             Requested size: 424.82523pt x 196.55286pt.


LaTeX Warning: `h' float specifier changed to `ht'.


Package fancyhdr Warning: \headheight is too small (12.0pt): 
(fancyhdr)                Make it at least 13.59999pt, for example:
(fancyhdr)                \setlength{\headheight}{13.59999pt}.
(fancyhdr)                You might also make \topmargin smaller:
(fancyhdr)                \addtolength{\topmargin}{-1.59999pt}.

[9 <./terrazas_01.png>]
<licencias_terrazas_003.png, id=253, 1244.27122pt x 581.56897pt>
File: licencias_terrazas_003.png Graphic file (type png)
<use licencias_terrazas_003.png>
Package pdftex.def Info: licencias_terrazas_003.png  used on input line 321.
(pdftex.def)             Requested size: 424.82523pt x 198.56499pt.


Package fancyhdr Warning: \headheight is too small (12.0pt): 
(fancyhdr)                Make it at least 13.59999pt, for example:
(fancyhdr)                \setlength{\headheight}{13.59999pt}.
(fancyhdr)                You might also make \topmargin smaller:
(fancyhdr)                \addtolength{\topmargin}{-1.59999pt}.

[10 <./licencias_02.png> <./licencias_terrazas_003.png>]
<books_001.png, id=262, 1251.08916pt x 581.56897pt>
File: books_001.png Graphic file (type png)
<use books_001.png>
Package pdftex.def Info: books_001.png  used on input line 339.
(pdftex.def)             Requested size: 424.82523pt x 197.48236pt.


Package caption Warning: The option `hypcap=true' will be ignored for this
(caption)                particular \caption on input line 369.
See the caption package documentation for explanation.


Overfull \hbox (2.82104pt too wide) in paragraph at lines 352--369
 [] 
 []


Package fancyhdr Warning: \headheight is too small (12.0pt): 
(fancyhdr)                Make it at least 13.59999pt, for example:
(fancyhdr)                \setlength{\headheight}{13.59999pt}.
(fancyhdr)                You might also make \topmargin smaller:
(fancyhdr)                \addtolength{\topmargin}{-1.59999pt}.

[11 <./books_001.png>]
Overfull \hbox (6.91206pt too wide) in paragraph at lines 389--396
\T1/cmr/m/n/10.95 nu-los de \T1/cmtt/m/n/10.95 Superficie_RA \T1/cmr/m/n/10.95 co-mo 0, ya que co-rres-pon-den a te-rra-zas es-ta-cio-na-les) y el ra-tio \T1/cmtt/m/n/10.95 Superficie_TO
 []


Overfull \hbox (53.85904pt too wide) in paragraph at lines 399--404
[]\T1/cmr/bx/n/10.95 Detección y eli-mi-na-ción de du-pli-ca-dos\T1/cmr/m/n/10.95 : se iden-ti-fi-can y eli-mi-nan las fi-las de \T1/cmtt/m/n/10.95 Licencias_Locales_202104
 []


Overfull \hbox (3.76927pt too wide) in paragraph at lines 413--418
[]\T1/cmr/bx/n/10.95 JOIN en-tre da-ta-sets\T1/cmr/m/n/10.95 : \T1/cmtt/m/n/10.95 INNER JOIN \T1/cmr/m/n/10.95 en-tre \T1/cmtt/m/n/10.95 Terrazas_Normalizadas \T1/cmr/m/n/10.95 y \T1/cmtt/m/n/10.95 Licencias_SinDuplicados
 []


Overfull \hbox (58.53279pt too wide) in paragraph at lines 419--424
[]\T1/cmr/bx/n/10.95 Agregación geo-grá-fi-ca\T1/cmr/m/n/10.95 : se agre-ga \T1/cmtt/m/n/10.95 Superficie_TO \T1/cmr/m/n/10.95 por dis-tri-to y ba-rrio. Re-sul-ta-do: \T1/cmtt/m/n/10.95 Superficies_Agregadas
 []


Package fancyhdr Warning: \headheight is too small (12.0pt): 
(fancyhdr)                Make it at least 13.59999pt, for example:
(fancyhdr)                \setlength{\headheight}{13.59999pt}.
(fancyhdr)                You might also make \topmargin smaller:
(fancyhdr)                \addtolength{\topmargin}{-1.59999pt}.

[12]
Overfull \hbox (6.3775pt too wide) in paragraph at lines 453--455
[]\T1/cmr/bx/n/10.95 Dim_Fecha\T1/cmr/m/n/10.95 : fe-cha de de-cre-to de la li-cen-cia, con cla-ve su-rro-ga-te \T1/cmtt/m/n/10.95 id_fecha \T1/cmr/m/n/10.95 en for-ma-to \T1/cmtt/m/n/10.95 YYYYMMDD\T1/cmr/m/n/10.95 . 
 []

<erd_kimball.png, id=279, 593.21625pt x 549.05125pt>
File: erd_kimball.png Graphic file (type png)
<use erd_kimball.png>
Package pdftex.def Info: erd_kimball.png  used on input line 461.
(pdftex.def)             Requested size: 424.82523pt x 393.21376pt.

Overfull \hbox (26.42503pt too wide) in paragraph at lines 466--475
\T1/cmr/m/n/10.95 Es-ta des-nor-ma-li-za-ción de-li-be-ra-da (los nom-bres de dis-tri-to y ba-rrio se re-pi-ten en ca-da fi-la de \T1/cmtt/m/n/10.95 Dim_Ubicacion
 []


Package fancyhdr Warning: \headheight is too small (12.0pt): 
(fancyhdr)                Make it at least 13.59999pt, for example:
(fancyhdr)                \setlength{\headheight}{13.59999pt}.
(fancyhdr)                You might also make \topmargin smaller:
(fancyhdr)                \addtolength{\topmargin}{-1.59999pt}.

[13 <./erd_kimball.png>]
Overfull \hbox (101.2152pt too wide) in paragraph at lines 476--483
[]\T1/cmr/m/n/10.95 El es-que-ma se im-ple-men-ta en \T1/cmtt/m/n/10.95 07_tarea5_kimball_esquema.sql \T1/cmr/m/n/10.95 y la car-ga de da-tos en \T1/cmtt/m/n/10.95 08_tarea5_kimball_carga.py\T1/cmr/m/n/10.95 .
 []

<erd_inmon.png, id=287, 1108.14pt x 528.97626pt>
File: erd_inmon.png Graphic file (type png)
<use erd_inmon.png>
Package pdftex.def Info: erd_inmon.png  used on input line 491.
(pdftex.def)             Requested size: 472.03123pt x 225.32446pt.

Overfull \hbox (37.38387pt too wide) in paragraph at lines 511--516
[]\T1/cmr/m/n/10.95 El es-que-ma se im-ple-men-ta en \T1/cmtt/m/n/10.95 09_tarea6_inmon_esquema.sql \T1/cmr/m/n/10.95 y la car-ga en \T1/cmtt/m/n/10.95 10_tarea6_inmon_carga.py\T1/cmr/m/n/10.95 .
 []


Package fancyhdr Warning: \headheight is too small (12.0pt): 
(fancyhdr)                Make it at least 13.59999pt, for example:
(fancyhdr)                \setlength{\headheight}{13.59999pt}.
(fancyhdr)                You might also make \topmargin smaller:
(fancyhdr)                \addtolength{\topmargin}{-1.59999pt}.

[14 <./erd_inmon.png>]

Package fancyhdr Warning: \headheight is too small (12.0pt): 
(fancyhdr)                Make it at least 13.59999pt, for example:
(fancyhdr)                \setlength{\headheight}{13.59999pt}.
(fancyhdr)                You might also make \topmargin smaller:
(fancyhdr)                \addtolength{\topmargin}{-1.59999pt}.

[15] (c:\Users\david\Documents\UNIR\MasterBigDataUNIR\GobiernoDelDato\actividades\actividad1_individual_28092026\build\informe.aux
LaTeX Info: Redefining \. on input line 11.
LaTeX Info: Redefining \% on input line 11.
)
 ***********
LaTeX2e <2025-11-01>
L3 programming layer <2026-03-20>
 ***********


LaTeX Warning: There were multiply-defined labels.

Package rerunfilecheck Info: File `informe.out' has not changed.
(rerunfilecheck)             Checksum: 9C92C8AAADC3E213B95671AE93D4D1E7;6963.
 ) 
Here is how much of TeX's memory you used:
 13398 strings out of 467691
 218901 string characters out of 5414987
 662200 words of memory out of 5000000
 42254 multiletter control sequences out of 15000+600000
 639094 words of font info for 61 fonts, out of 8000000 for 9000
 1141 hyphenation exceptions out of 8191
 75i,11n,79p,519b,579s stack positions out of 10000i,1000n,20000p,200000b,200000s
 <C:\Users\david\AppData\Local\MiKTeX\fonts/pk/ljfour/jknappen/ec/dpi600\ecti0800.pk> <C:\Users\david\AppData\Local\MiKTeX\fonts/pk/ljfour/jknappen/ec/dpi600\ecrm0800.pk> <C:\Users\david\AppData\Local\MiKTeX\fonts/pk/ljfour/jknappen/ec/dpi600\ecbx1200.pk> <C:\Users\david\AppData\Local\MiKTeX\fonts/pk/ljfour/jknappen/ec/dpi600\ecti1095.pk> <C:\Users\david\AppData\Local\MiKTeX\fonts/pk/ljfour/jknappen/ec/dpi600\ectt1095.pk> <C:\Users\david\AppData\Local\MiKTeX\fonts/pk/ljfour/jknappen/ec/dpi600\ecbx1095.pk> <C:\Users\david\AppData\Local\MiKTeX\fonts/pk/ljfour/jknappen/ec/dpi600\ecbx1440.pk> <C:\Users\david\AppData\Local\MiKTeX\fonts/pk/ljfour/jknappen/ec/dpi600\ecrm1095.pk> <C:\Users\david\AppData\Local\MiKTeX\fonts/pk/ljfour/jknappen/ec/dpi600\ecrm1200.pk> <C:\Users\david\AppData\Local\MiKTeX\fonts/pk/ljfour/jknappen/ec/dpi600\ecbx2488.pk> <C:\Users\david\AppData\Local\MiKTeX\fonts/pk/ljfour/jknappen/ec/dpi600\ecrm1440.pk><C:/Users/david/AppData/Local/Programs/MiKTeX/fonts/type1/public/amsfonts/cm/cmmi10.pfb><C:/Users/david/AppData/Local/Programs/MiKTeX/fonts/type1/public/amsfonts/cm/cmr10.pfb><C:/Users/david/AppData/Local/Programs/MiKTeX/fonts/type1/public/amsfonts/cm/cmsy10.pfb>
Output written on c:\Users\david\Documents\UNIR\MasterBigDataUNIR\GobiernoDelDato\actividades\actividad1_individual_28092026\build\informe.pdf (16 pages, 1198449 bytes).
PDF statistics:
 763 PDF objects out of 1000 (max. 8388607)
 69 named destinations out of 1000 (max. 500000)
 329 words of extra memory for PDF output out of 10000 (max. 10000000)

